// Jest Snapshot v1, https://goo.gl/fbAQLP

exports[`Footer component renders the component 1`] = `
<div>
  <footer
    class="flex fixed items-center justify-center w-full bg-gradient-to-tr from-tertiary-dark to-tertiary bottom-0 lg:h-20 z-50"
  >
    <div
      class="flex w-full items-center h-full flex-col lg:flex-row"
    >
      <div
        class="flex lg:basis-1/2 justify-end pt-5 lg:pt-0 px-4 lg:px-10"
      >
        <div
          class="flex lg:w-4/6"
        >
          <span
            class="text-gray-200 text-xs lg:text-right"
          >
            Essa janela do navegador é usada para manter sua sessão de autenticação ativa. Deixe-a aberta em segundo plano e abra uma nova janela para continuar a navegar.
          </span>
        </div>
      </div>
      <div
        class="hidden lg:flex border-r border-gray-100 h-16"
      />
      <div
        class="flex flex-col lg:flex-row lg:basis-1/2 justify-between items-center h-full w-full pt-5 lg:pt-0 lg:pl-20"
      >
        <div
          class="flex items-center"
        >
          <span
            class="text-gray-200 text-xs w-24"
          >
            Application refresh in
          </span>
          <div
            class="flex flex-col items-center w-24"
          >
            <span
              class="text-gray-200 text-3xl font-bold"
            >
              100
            </span>
            <span
              class="text-gray-200 text-xs"
            >
              seconds
            </span>
          </div>
        </div>
        <div
          class="flex items-center pt-5 lg:pt-0 w-full lg:w-auto h-20 lg:h-full"
        >
          <div
            class="flex basis-1/2 justify-center items-center bg-white h-full cursor-pointer lg:w-32"
          >
            <span
              class="text-quartiary text-sm"
            >
              Continuar Navegando
            </span>
          </div>
          <div
            class="basis-1/2 flex h-full items-center justify-center cursor-pointer"
          >
            <span
              class="text-gray-100 text-sm px-6"
            >
              Logout
            </span>
          </div>
        </div>
      </div>
    </div>
  </footer>
</div>
`;
